[card] 第0步: 准备 git 和仓库
[card] 仓库就绪: 16747b8 termux auto card6-v4 20260830_110239: R11=R_MISS R12=R_LANDED 
[card] 第1步: 查找 rish
[card] rish 模式: stdin 身份: RISH_OK_2000
[card] 第2步: 部署 mt61 preload.so 并校验 SHA256
[card] 期望 SHA: 19e8f6369ec22a262aeb92d955e5f41636c8776bda1aa8ac81588661c1ad201d
[card] 实际 SHA: 19e8f6369ec22a262aeb92d955e5f41636c8776bda1aa8ac81588661c1ad201d
[card] 二进制校验通过 (mt61: 窗口 20s)
[card] 第3步: 取证 (残留进程 + 每线程 state/wchan + 负载记录)
[card] 取证落盘: 线程行数=0 (D/R=0)
[card] 无残留, 继续
[card] 第4步: 体检 (新 boot 自动等满 10 分钟; 负载只记录)
[card] boot=639bb902-d26d-4c18-ac65-3029a808ebd2 enforce=Enforcing settle=OK load=16.23 17.09 25.22 1/10134 4569 (仅记录)
[card] 体检完成,开始开火
[card] 开火 R11 (约4-5分钟,请勿动手机,保持亮屏)...
[card] !! R11 未返回 rc 行 (外层超时击杀) -> 标记 CONTAMINATED
[card] R11 门槛判定: R_MISS
[card] R_MISS, 重掷 R12 (最后一轮)
[card] 开火 R12 (约4-5分钟,请勿动手机,保持亮屏)...
[card] R12_RC=3 enforce=Enforcing
[card] R12 门槛判定: R_MISS
[card] 两轮未中, mt65 续打 R13/R14
[card] 开火 R13 (约4-5分钟,请勿动手机,保持亮屏)...
[card] R13_RC=3 enforce=Enforcing
[card] R13 门槛: R_MISS
[card] 开火 R14 (约4-5分钟,请勿动手机,保持亮屏)...
[card] R14_RC=3 enforce=Server is not running
[card] R14 门槛: R_MISS
[card] 四轮未中,按卡停止
[card] 第6步: 回收数据并回传
[card] 结束活体: Server is not running 
