[card] 第0步: 准备 git 和仓库
[card] 仓库就绪: 6167859 recovery 20260830_121414: post-reboot field collection (no fir
[card] 第1步: 查找 rish
[card] rish 模式: stdin 身份: RISH_OK_2000
[card] 第2步: 部署 mt61 preload.so 并校验 SHA256
[card] Shizuku 连接闪断(第1次), 8秒后重试...
[card] 期望 SHA: 19e8f6369ec22a262aeb92d955e5f41636c8776bda1aa8ac81588661c1ad201d
[card] 实际 SHA: 19e8f6369ec22a262aeb92d955e5f41636c8776bda1aa8ac81588661c1ad201d
[card] 二进制校验通过 (mt61: 窗口 20s)
[card] 第3步: 取证 (残留进程 + 每线程 state/wchan + 负载记录)
[card] 取证落盘: 线程行数=0 (D/R=0)
[card] 无残留, 继续
[card] 第4步: 体检 (新 boot 自动等满 10 分钟; 负载只记录)
[card] boot=639bb902-d26d-4c18-ac65-3029a808ebd2 enforce=Enforcing settle=OK load=11.94 14.51 27.24 1/7509 5408 (仅记录)
[card] 体检完成,开始开火
[card] 开火 R11 (约4-5分钟,请勿动手机,保持亮屏)...
[card] R11_RC=3 enforce=Enforcing
[card] R11 门槛判定: R_LANDED
[card] R 写落地! 立即补 C 轮 TASK=ffffff80e8f52500
[card] [mt64] C1 外部模式: 清root_alive+致盲状态文件(mt51发间检查读CapEff,C阶段恒满帽=假阳性中止burst;致盲后C写6发全打,收尾恢复644)
[card] 开火 C1 (约4-5分钟,请勿动手机,保持亮屏)...
[card] C1_RC=3 enforce=Enforcing
[card] 第6步: 回收数据并回传
[card] 结束活体: Enforcing 639bb902-d26d-4c18-ac65-3029a808ebd2 215.07 68.40 41.85 4/6523 19850 
