[card] 第0步: 准备 git 和仓库
[card] 仓库就绪: 4b26134 mt66: window/storm lifecycle fix, built + field v5 delivery. s
[card] 第1步: 查找 rish
[card] rish 模式: stdin 身份: RISH_OK_2000
[card] 第2步: 部署 mt66 preload.so 并校验 SHA256
[card] 期望 SHA: 4b79295067fa5a1f9595315b73071157915fda81c7c6571e89d2c9945f8bd1ce
[card] 实际 SHA: 4b79295067fa5a1f9595315b73071157915fda81c7c6571e89d2c9945f8bd1ce
[card] 二进制校验通过 (mt66: 动态看门狗28s + 风暴收窗 + 窗口守卫)
[card] 第3步: 取证 (残留进程 + 每线程 state/wchan + 负载记录)
[card] 取证落盘: 线程行数=0 (D/R=0)
[card] 无残留, 继续
[card] 第4步: 体检 (新 boot 自动等满 10 分钟; 负载只记录)
[card] boot=639bb902-d26d-4c18-ac65-3029a808ebd2 enforce=Enforcing settle=OK load=15.20 16.72 16.12 3/10955 3359 (仅记录)
[card] 体检完成,开始开火
[card] 开火 R11 (约4-5分钟,请勿动手机,保持亮屏)...
[card] R11_RC=255 enforce=Enforcing
[card] R11 门槛判定: R_LANDED
[card] R 写落地! 立即补 C 轮 TASK=ffffff81489b4a00
[card] [mt64] C1 外部模式: 清root_alive+致盲状态文件(mt51发间检查读CapEff,C阶段恒满帽=假阳性中止burst;致盲后C写6发全打,收尾恢复644)
[card] 开火 C1 (约4-5分钟,请勿动手机,保持亮屏)...
[card] C1_RC=255 enforce=Enforcing
[card] 第6步: 回收数据并回传
[card] 结束活体: Enforcing 639bb902-d26d-4c18-ac65-3029a808ebd2 43.67 21.48 17.52 2/7411 19802 
