[card] 第0步: 准备 git 和仓库
[card] 仓库就绪: ea7592b termux auto card6-v4 20260830_090935: R11=R_LANDED R12=skip C1
[card] 第1步: 查找 rish
[card] rish 模式: stdin 身份: RISH_OK_2000
[card] 第2步: 部署 mt61 preload.so 并校验 SHA256
[card] 期望 SHA: 19e8f6369ec22a262aeb92d955e5f41636c8776bda1aa8ac81588661c1ad201d
[card] 实际 SHA: 19e8f6369ec22a262aeb92d955e5f41636c8776bda1aa8ac81588661c1ad201d
[card] 二进制校验通过 (mt61: 窗口 20s)
[card] 第3步: 取证 (残留进程 + 每线程 state/wchan + 负载记录)
[card] 取证落盘: 线程行数=0 (D/R=0)
[card] 无残留, 继续
[card] 第4步: 体检 (新 boot 自动等满 10 分钟; 负载只记录)
[card] boot=639bb902-d26d-4c18-ac65-3029a808ebd2 enforce=Enforcing settle=OK load=13.24 15.05 14.15 4/6881 20155 (仅记录)
[card] 体检完成,开始开火
[card] 开火 R11 (约4-5分钟,请勿动手机,保持亮屏)...
[card] R11_RC=3 enforce=Enforcing
[card] R11 门槛判定: R_MISS
[card] R_MISS, 重掷 R12 (最后一轮)
[card] 门槛文件未删净(残留 1), 重试 1...
[card] 门槛文件未删净(残留 1), 重试 2...
[card] 门槛文件未删净(残留 1), 重试 3...
[card] 门槛文件未删净(残留 1), 重试 4...
[card] !! R12 门槛文件删不净, 弃打本轮(防陈旧误判)
[card] R12 门槛判定: R_MISS
[card] 两轮未中,按卡停止
[card] 第6步: 回收数据并回传
[card] 结束活体: Enforcing 639bb902-d26d-4c18-ac65-3029a808ebd2 25.26 119.36 76.81 1/6221 27162 
